/home/bigboss/warehouse_ws/install/warehouse_robot/lib/python3.10/site-packages/warehouse_robot/delivery_action_client.py
/home/bigboss/warehouse_ws/install/warehouse_robot/lib/python3.10/site-packages/warehouse_robot/delivery_action_server.py
/home/bigboss/warehouse_ws/install/warehouse_robot/lib/python3.10/site-packages/warehouse_robot/task_node.py
/home/bigboss/warehouse_ws/install/warehouse_robot/lib/python3.10/site-packages/warehouse_robot/safety_monitor_node.py
/home/bigboss/warehouse_ws/install/warehouse_robot/lib/python3.10/site-packages/warehouse_robot/__init__.py
/home/bigboss/warehouse_ws/install/warehouse_robot/lib/python3.10/site-packages/warehouse_robot/sensor_node.py
/home/bigboss/warehouse_ws/install/warehouse_robot/lib/python3.10/site-packages/warehouse_robot/__pycache__/delivery_action_client.cpython-310.pyc
/home/bigboss/warehouse_ws/install/warehouse_robot/lib/python3.10/site-packages/warehouse_robot/__pycache__/delivery_action_server.cpython-310.pyc
/home/bigboss/warehouse_ws/install/warehouse_robot/lib/python3.10/site-packages/warehouse_robot/__pycache__/task_node.cpython-310.pyc
/home/bigboss/warehouse_ws/install/warehouse_robot/lib/python3.10/site-packages/warehouse_robot/__pycache__/safety_monitor_node.cpython-310.pyc
/home/bigboss/warehouse_ws/install/warehouse_robot/lib/python3.10/site-packages/warehouse_robot/__pycache__/__init__.cpython-310.pyc
/home/bigboss/warehouse_ws/install/warehouse_robot/lib/python3.10/site-packages/warehouse_robot/__pycache__/sensor_node.cpython-310.pyc
/home/bigboss/warehouse_ws/install/warehouse_robot/share/ament_index/resource_index/packages/warehouse_robot
/home/bigboss/warehouse_ws/install/warehouse_robot/share/warehouse_robot/package.xml
/home/bigboss/warehouse_ws/install/warehouse_robot/share/warehouse_robot/launch/actionServer_and_service_nodes_test.launch.xml
/home/bigboss/warehouse_ws/install/warehouse_robot/share/warehouse_robot/launch/TEST_GAZ_RVIZ.launch.xml
/home/bigboss/warehouse_ws/install/warehouse_robot/share/warehouse_robot/launch/test_safetyNode_only.xml
/home/bigboss/warehouse_ws/install/warehouse_robot/share/warehouse_robot/launch/system.launch.xml
/home/bigboss/warehouse_ws/install/warehouse_robot/share/warehouse_robot/launch/TEMP_DELETE_AFTER.launch.xml
/home/bigboss/warehouse_ws/install/warehouse_robot/share/warehouse_robot/config/safety_params.yaml
/home/bigboss/warehouse_ws/install/warehouse_robot/share/warehouse_robot/urdf/warehouse_robot.urdf.xacro
/home/bigboss/warehouse_ws/install/warehouse_robot/lib/python3.10/site-packages/warehouse_robot-0.0.0-py3.10.egg-info/zip-safe
/home/bigboss/warehouse_ws/install/warehouse_robot/lib/python3.10/site-packages/warehouse_robot-0.0.0-py3.10.egg-info/top_level.txt
/home/bigboss/warehouse_ws/install/warehouse_robot/lib/python3.10/site-packages/warehouse_robot-0.0.0-py3.10.egg-info/SOURCES.txt
/home/bigboss/warehouse_ws/install/warehouse_robot/lib/python3.10/site-packages/warehouse_robot-0.0.0-py3.10.egg-info/entry_points.txt
/home/bigboss/warehouse_ws/install/warehouse_robot/lib/python3.10/site-packages/warehouse_robot-0.0.0-py3.10.egg-info/requires.txt
/home/bigboss/warehouse_ws/install/warehouse_robot/lib/python3.10/site-packages/warehouse_robot-0.0.0-py3.10.egg-info/PKG-INFO
/home/bigboss/warehouse_ws/install/warehouse_robot/lib/python3.10/site-packages/warehouse_robot-0.0.0-py3.10.egg-info/dependency_links.txt
/home/bigboss/warehouse_ws/install/warehouse_robot/lib/warehouse_robot/delivery_action_client
/home/bigboss/warehouse_ws/install/warehouse_robot/lib/warehouse_robot/delivery_action_server
/home/bigboss/warehouse_ws/install/warehouse_robot/lib/warehouse_robot/safety_monitor_node
/home/bigboss/warehouse_ws/install/warehouse_robot/lib/warehouse_robot/sensor_node
/home/bigboss/warehouse_ws/install/warehouse_robot/lib/warehouse_robot/task_node
